// Jest Snapshot v1, https://goo.gl/fbAQLP

exports[`Step1 component renders correctly 1`] = `ShallowWrapper {}`;
