// Jest Snapshot v1, https://goo.gl/fbAQLP

exports[`Step2 component renders correctly 1`] = `ShallowWrapper {}`;
